duser@bmsce-Precision-T1700:~$ su hduser
Password: 
hduser@bmsce-Precision-T1700:~$ su hduser
Password: 
hduser@bmsce-Precision-T1700:~$ cd/
bash: cd/: No such file or directory
hduser@bmsce-Precision-T1700:~$ cd/workspace1
bash: cd/workspace1: No such file or directory
hduser@bmsce-Precision-T1700:~$ cd /usr/local/hadoop/sbin
hduser@bmsce-Precision-T1700:/usr/local/hadoop/sbin$ start-all.sh
This script is Deprecated. Instead use start-dfs.sh and start-yarn.sh
Starting namenodes on [localhost]
hduser@localhost's password: 
localhost: starting namenode, logging to /usr/local/hadoop/logs/hadoop-hduser-namenode-bmsce-Precision-T1700.out
hduser@localhost's password: 
localhost: starting datanode, logging to /usr/local/hadoop/logs/hadoop-hduser-datanode-bmsce-Precision-T1700.out
Starting secondary namenodes [0.0.0.0]
hduser@0.0.0.0's password: 
0.0.0.0: starting secondarynamenode, logging to /usr/local/hadoop/logs/hadoop-hduser-secondarynamenode-bmsce-Precision-T1700.out
starting yarn daemons
starting resourcemanager, logging to /usr/local/hadoop/logs/yarn-hduser-resourcemanager-bmsce-Precision-T1700.out
hduser@localhost's password: 
localhost: starting nodemanager, logging to /usr/local/hadoop/logs/yarn-hduser-nodemanager-bmsce-Precision-T1700.out
hduser@bmsce-Precision-T1700:/usr/local/hadoop/sbin$ jps
7041 org.eclipse.equinox.launcher_1.5.600.v20191014-2022.jar
8929 ResourceManager
8770 SecondaryNameNode
8375 NameNode
9421 Jps
8557 DataNode
9262 NodeManager
hduser@bmsce-Precision-T1700:/usr/local/hadoop/sbin$ hadoop fs -mkdir /fold
hduser@bmsce-Precision-T1700:/usr/local/hadoop/sbin$ hadoop fs ls
ls: Unknown command
Did you mean -ls?  This command begins with a dash.
hduser@bmsce-Precision-T1700:/usr/local/hadoop/sbin$ hadoop fs ls /
ls: Unknown command
Did you mean -ls?  This command begins with a dash.
hduser@bmsce-Precision-T1700:/usr/local/hadoop/sbin$ hadoop fs -ls /
Found 16 items
drwxr-xr-x   - hduser supergroup          0 2022-06-06 12:59 /FFF
drwxr-xr-x   - hduser supergroup          0 2022-06-04 10:23 /LLL
drwxr-xr-x   - hduser supergroup          0 2022-06-01 10:39 /balaji
drwxr-xr-x   - hduser supergroup          0 2022-06-03 14:55 /dhruv
drwxr-xr-x   - hduser supergroup          0 2022-06-20 12:21 /fold
drwxr-xr-x   - hduser supergroup          0 2022-06-01 15:12 /hadooplab
drwxr-xr-x   - hduser supergroup          0 2022-06-06 14:47 /hritik_1bm19cs063
-rw-r--r--   1 hduser supergroup         11 2022-06-06 14:44 /hritik_1bm19cs063.txt
drwxr-xr-x   - hduser supergroup          0 2022-06-06 15:12 /hritiksingh
drwxr-xr-x   - hduser supergroup          0 2022-06-01 15:06 /nikita
drwxr-xr-x   - hduser supergroup          0 2022-05-31 10:35 /sam
drwxr-xr-x   - hduser supergroup          0 2022-06-03 12:11 /saurab
drwxr-xr-x   - hduser supergroup          0 2019-10-24 10:59 /shria
drwxrwxr-x   - hduser supergroup          0 2019-08-01 16:19 /tmp
hduser@bmsce-Precision-T1700:/usr/local/hadoop/sbin$ hadoop fs -copyFromLocal /home/hduser/Desktop/bravo.txt /fold/demo.txt
hduser@bmsce-Precision-T1700:/usr/local/hadoop/sbin$ hadoop jar /home/hduser/Desktop/Wordcount.jar /fold/demo.txt /output/
Exception in thread "main" java.lang.ClassNotFoundException: /fold/demo/txt
	at java.lang.Class.forName0(Native Method)
	at java.lang.Class.forName(Class.java:348)
	at org.apache.hadoop.util.RunJar.run(RunJar.java:214)
	at org.apache.hadoop.util.RunJar.main(RunJar.java:136)
hduser@bmsce-Precision-T1700:/usr/local/hadoop/sbin$ hadoop jar /home/hduser/Desktop/Wordcap.jar /fold/demo.txt /output/
Not a valid JAR: /home/hduser/Desktop/Wordcap.jar
hduser@bmsce-Precision-T1700:/usr/local/hadoop/sbin$ hadoop jar /home/hduser/Desktop/wordcap.jar /fold/demo.txt /output/
Exception in thread "main" java.lang.ClassNotFoundException: /fold/demo/txt
	at java.lang.Class.forName0(Native Method)
	at java.lang.Class.forName(Class.java:348)
	at org.apache.hadoop.util.RunJar.run(RunJar.java:214)
	at org.apache.hadoop.util.RunJar.main(RunJar.java:136)
hduser@bmsce-Precision-T1700:/usr/local/hadoop/sbin$ hadoop jar /home/hduser/Desktop/wordcap.jar  WCDriver /fold/demo.txt /output/
Exception in thread "main" java.lang.ClassNotFoundException: WCDriver
	at java.net.URLClassLoader.findClass(URLClassLoader.java:382)
	at java.lang.ClassLoader.loadClass(ClassLoader.java:418)
	at java.lang.ClassLoader.loadClass(ClassLoader.java:351)
	at java.lang.Class.forName0(Native Method)
	at java.lang.Class.forName(Class.java:348)
	at org.apache.hadoop.util.RunJar.run(RunJar.java:214)
	at org.apache.hadoop.util.RunJar.main(RunJar.java:136)
hduser@bmsce-Precision-T1700:/usr/local/hadoop/sbin$ hadoop jar /home/hduser/Desktop/wordcap.jar  workspace1.WCDriver /fold/demo.txt /output/
22/06/20 12:36:38 INFO Configuration.deprecation: session.id is deprecated. Instead, use dfs.metrics.session-id
22/06/20 12:36:38 INFO jvm.JvmMetrics: Initializing JVM Metrics with processName=JobTracker, sessionId=
22/06/20 12:36:38 INFO jvm.JvmMetrics: Cannot initialize JVM Metrics with processName=JobTracker, sessionId= - already initialized
22/06/20 12:36:38 WARN mapreduce.JobSubmitter: Hadoop command-line option parsing not performed. Implement the Tool interface and execute your application with ToolRunner to remedy this.
22/06/20 12:36:38 INFO mapred.FileInputFormat: Total input paths to process : 1
22/06/20 12:36:38 INFO mapreduce.JobSubmitter: number of splits:1
22/06/20 12:36:38 INFO mapreduce.JobSubmitter: Submitting tokens for job: job_local995837325_0001
22/06/20 12:36:38 INFO mapreduce.Job: The url to track the job: http://localhost:8080/
22/06/20 12:36:38 INFO mapred.LocalJobRunner: OutputCommitter set in config null
22/06/20 12:36:38 INFO mapreduce.Job: Running job: job_local995837325_0001
22/06/20 12:36:38 INFO mapred.LocalJobRunner: OutputCommitter is org.apache.hadoop.mapred.FileOutputCommitter
22/06/20 12:36:38 INFO mapred.LocalJobRunner: Waiting for map tasks
22/06/20 12:36:38 INFO mapred.LocalJobRunner: Starting task: attempt_local995837325_0001_m_000000_0
22/06/20 12:36:38 INFO mapred.Task:  Using ResourceCalculatorProcessTree : [ ]
22/06/20 12:36:38 INFO mapred.MapTask: Processing split: hdfs://localhost:54310/fold/demo.txt:0+90
22/06/20 12:36:38 INFO mapred.MapTask: numReduceTasks: 1
22/06/20 12:36:38 INFO mapred.MapTask: (EQUATOR) 0 kvi 26214396(104857584)
22/06/20 12:36:38 INFO mapred.MapTask: mapreduce.task.io.sort.mb: 100
22/06/20 12:36:38 INFO mapred.MapTask: soft limit at 83886080
22/06/20 12:36:38 INFO mapred.MapTask: bufstart = 0; bufvoid = 104857600
22/06/20 12:36:38 INFO mapred.MapTask: kvstart = 26214396; length = 6553600
22/06/20 12:36:38 INFO mapred.MapTask: Map output collector class = org.apache.hadoop.mapred.MapTask$MapOutputBuffer
22/06/20 12:36:38 INFO mapred.LocalJobRunner: 
22/06/20 12:36:38 INFO mapred.MapTask: Starting flush of map output
22/06/20 12:36:38 INFO mapred.MapTask: Spilling map output
22/06/20 12:36:38 INFO mapred.MapTask: bufstart = 0; bufend = 169; bufvoid = 104857600
22/06/20 12:36:38 INFO mapred.MapTask: kvstart = 26214396(104857584); kvend = 26214320(104857280); length = 77/6553600
22/06/20 12:36:38 INFO mapred.MapTask: Finished spill 0
22/06/20 12:36:38 INFO mapred.Task: Task:attempt_local995837325_0001_m_000000_0 is done. And is in the process of committing
22/06/20 12:36:38 INFO mapred.LocalJobRunner: hdfs://localhost:54310/fold/demo.txt:0+90
22/06/20 12:36:38 INFO mapred.Task: Task 'attempt_local995837325_0001_m_000000_0' done.
22/06/20 12:36:38 INFO mapred.LocalJobRunner: Finishing task: attempt_local995837325_0001_m_000000_0
22/06/20 12:36:38 INFO mapred.LocalJobRunner: map task executor complete.
22/06/20 12:36:38 INFO mapred.LocalJobRunner: Waiting for reduce tasks
22/06/20 12:36:38 INFO mapred.LocalJobRunner: Starting task: attempt_local995837325_0001_r_000000_0
22/06/20 12:36:38 INFO mapred.Task:  Using ResourceCalculatorProcessTree : [ ]
22/06/20 12:36:38 INFO mapred.ReduceTask: Using ShuffleConsumerPlugin: org.apache.hadoop.mapreduce.task.reduce.Shuffle@559edab0
22/06/20 12:36:38 INFO reduce.MergeManagerImpl: MergerManager: memoryLimit=334338464, maxSingleShuffleLimit=83584616, mergeThreshold=220663392, ioSortFactor=10, memToMemMergeOutputsThreshold=10
22/06/20 12:36:38 INFO reduce.EventFetcher: attempt_local995837325_0001_r_000000_0 Thread started: EventFetcher for fetching Map Completion Events
22/06/20 12:36:38 INFO reduce.LocalFetcher: localfetcher#1 about to shuffle output of map attempt_local995837325_0001_m_000000_0 decomp: 211 len: 215 to MEMORY
22/06/20 12:36:38 INFO reduce.InMemoryMapOutput: Read 211 bytes from map-output for attempt_local995837325_0001_m_000000_0
22/06/20 12:36:38 INFO reduce.MergeManagerImpl: closeInMemoryFile -> map-output of size: 211, inMemoryMapOutputs.size() -> 1, commitMemory -> 0, usedMemory ->211
22/06/20 12:36:38 INFO reduce.EventFetcher: EventFetcher is interrupted.. Returning
22/06/20 12:36:38 INFO mapred.LocalJobRunner: 1 / 1 copied.
22/06/20 12:36:38 INFO reduce.MergeManagerImpl: finalMerge called with 1 in-memory map-outputs and 0 on-disk map-outputs
22/06/20 12:36:38 INFO mapred.Merger: Merging 1 sorted segments
22/06/20 12:36:38 INFO mapred.Merger: Down to the last merge-pass, with 1 segments left of total size: 205 bytes
22/06/20 12:36:38 INFO reduce.MergeManagerImpl: Merged 1 segments, 211 bytes to disk to satisfy reduce memory limit
22/06/20 12:36:38 INFO reduce.MergeManagerImpl: Merging 1 files, 215 bytes from disk
22/06/20 12:36:38 INFO reduce.MergeManagerImpl: Merging 0 segments, 0 bytes from memory into reduce
22/06/20 12:36:38 INFO mapred.Merger: Merging 1 sorted segments
22/06/20 12:36:38 INFO mapred.Merger: Down to the last merge-pass, with 1 segments left of total size: 205 bytes
22/06/20 12:36:38 INFO mapred.LocalJobRunner: 1 / 1 copied.
22/06/20 12:36:39 INFO mapred.Task: Task:attempt_local995837325_0001_r_000000_0 is done. And is in the process of committing
22/06/20 12:36:39 INFO mapred.LocalJobRunner: 1 / 1 copied.
22/06/20 12:36:39 INFO mapred.Task: Task attempt_local995837325_0001_r_000000_0 is allowed to commit now
22/06/20 12:36:39 INFO output.FileOutputCommitter: Saved output of task 'attempt_local995837325_0001_r_000000_0' to hdfs://localhost:54310/output/_temporary/0/task_local995837325_0001_r_000000
22/06/20 12:36:39 INFO mapred.LocalJobRunner: reduce > reduce
22/06/20 12:36:39 INFO mapred.Task: Task 'attempt_local995837325_0001_r_000000_0' done.
22/06/20 12:36:39 INFO mapred.LocalJobRunner: Finishing task: attempt_local995837325_0001_r_000000_0
22/06/20 12:36:39 INFO mapred.LocalJobRunner: reduce task executor complete.
22/06/20 12:36:39 INFO mapreduce.Job: Job job_local995837325_0001 running in uber mode : false
22/06/20 12:36:39 INFO mapreduce.Job:  map 100% reduce 100%
22/06/20 12:36:39 INFO mapreduce.Job: Job job_local995837325_0001 completed successfully
22/06/20 12:36:39 INFO mapreduce.Job: Counters: 38
	File System Counters
		FILE: Number of bytes read=8898
		FILE: Number of bytes written=508155
		FILE: Number of read operations=0
		FILE: Number of large read operations=0
		FILE: Number of write operations=0
		HDFS: Number of bytes read=180
		HDFS: Number of bytes written=69
		HDFS: Number of read operations=13
		HDFS: Number of large read operations=0
		HDFS: Number of write operations=4
	Map-Reduce Framework
		Map input records=6
		Map output records=20
		Map output bytes=169
		Map output materialized bytes=215
		Input split bytes=88
		Combine input records=0
		Combine output records=0
		Reduce input groups=10
		Reduce shuffle bytes=215
		Reduce input records=20
		Reduce output records=10
		Spilled Records=40
		Shuffled Maps =1
		Failed Shuffles=0
		Merged Map outputs=1
		GC time elapsed (ms)=1
		CPU time spent (ms)=0
		Physical memory (bytes) snapshot=0
		Virtual memory (bytes) snapshot=0
		Total committed heap usage (bytes)=469762048
	Shuffle Errors
		BAD_ID=0
		CONNECTION=0
		IO_ERROR=0
		WRONG_LENGTH=0
		WRONG_MAP=0
		WRONG_REDUCE=0
	File Input Format Counters 
		Bytes Read=90
	File Output Format Counters 
		Bytes Written=69
0
hduser@bmsce-Precision-T1700:/usr/local/hadoop/sbin$ hadoop fs -ls /output/
Found 2 items
-rw-r--r--   1 hduser supergroup          0 2022-06-20 12:36 /output/_SUCCESS
-rw-r--r--   1 hduser supergroup         69 2022-06-20 12:36 /output/part-00000
hduser@bmsce-Precision-T1700:/usr/local/hadoop/sbin$ hadoop fs -cat /output/part-0000
cat: `/output/part-0000': No such file or directory
hduser@bmsce-Precision-T1700:/usr/local/hadoop/sbin$ hadoop fs -cat /output/part-00000
\are	1
brother	1
family	1
hi	1
how	5
is	4
job	1
sister	1
you	1
your	4
hduser@bmsce-Precision-T1700:/usr/local/hadoop/sbin$ \

